// Jest Snapshot v1, https://goo.gl/fbAQLP

exports[`Benefits table renders correctly 1`] = `
<wrapper>
  <table
    className="ui celled table"
  >
    <thead
      className=""
    >
      <tr
        className=""
      >
        <td
          className="three wide"
          style={
            Object {
              "background": "rgba(0, 181, 173, 1)",
              "borderRadius": "inherit",
              "color": "white",
              "fontSize": "1.3em",
              "fontWeight": 900,
              "letterSpacing": "0.02em",
              "textAlign": "center",
            }
          }
        >
          Benefit
        </td>
        <td
          className="three wide"
          style={
            Object {
              "background": "rgba(0, 181, 173, 1)",
              "borderRadius": "inherit",
              "color": "white",
              "fontSize": "1.3em",
              "fontWeight": 900,
              "letterSpacing": "0.02em",
              "textAlign": "center",
            }
          }
        >
          Current Benefits
        </td>
        <td
          className="three wide"
          style={
            Object {
              "background": "rgba(0, 181, 173, 1)",
              "borderRadius": "inherit",
              "color": "white",
              "fontSize": "1.3em",
              "fontWeight": 900,
              "letterSpacing": "0.02em",
              "textAlign": "center",
            }
          }
        >
          New Estimate
        </td>
        <td
          className="three wide"
          style={
            Object {
              "background": "rgba(0, 181, 173, 1)",
              "borderRadius": "inherit",
              "color": "white",
              "fontSize": "1.3em",
              "fontWeight": 900,
              "letterSpacing": "0.02em",
              "textAlign": "center",
            }
          }
        >
          Difference
        </td>
      </tr>
    </thead>
    <tbody
      className=""
    >
      <tr
        className=""
      >
        <td
          className=""
          style={
            Object {
              "fontSize": "1.1em",
              "fontWeight": 700,
              "textAlign": "left",
            }
          }
        >
          SNAP
        </td>
        <td
          className="right aligned"
        >
          $
          2304
           / year
        </td>
        <td
          className="right aligned"
        >
          $
          2304
           / year
        </td>
        <td
          className="right aligned"
        >
          
           $
          0
           / year
        </td>
      </tr>
      <tr
        className=""
      >
        <td
          className=""
          style={
            Object {
              "fontSize": "1.1em",
              "fontWeight": 700,
              "textAlign": "left",
            }
          }
        >
          Section 8 Housing
        </td>
        <td
          className="right aligned"
        >
          $
          0
           / year
        </td>
        <td
          className="right aligned"
        >
          $
          0
           / year
        </td>
        <td
          className="right aligned"
        >
          
           $
          0
           / year
        </td>
      </tr>
      <tr
        className=""
      >
        <td
          className="three wide"
          style={
            Object {
              "borderTop": "2px solid rgba(0, 181, 173, 1)",
              "fontSize": "1.2em",
              "fontWeight": 700,
              "padingTop": "0.25em",
              "textAlign": "left",
            }
          }
        >
          Total Benefits
        </td>
        <td
          className="right aligned three wide"
          style={
            Object {
              "borderTop": "2px solid rgba(0, 181, 173, 1)",
              "fontSize": "1.1em",
              "fontWeight": 700,
              "padingTop": "0.25em",
            }
          }
        >
          $
          2304
           / year
        </td>
        <td
          className="right aligned three wide"
          style={
            Object {
              "borderTop": "2px solid rgba(0, 181, 173, 1)",
              "fontSize": "1.1em",
              "fontWeight": 700,
              "padingTop": "0.25em",
            }
          }
        >
          $
          2304
           / year
        </td>
        <td
          className="right aligned three wide"
          style={
            Object {
              "borderTop": "2px solid rgba(0, 181, 173, 1)",
              "fontSize": "1.1em",
              "fontWeight": 700,
              "padingTop": "0.25em",
            }
          }
        >
          
           $
          0
           / year
        </td>
      </tr>
      <tr
        className=""
      >
        <td
          className=""
          style={
            Object {
              "fontSize": "1.1em",
              "fontWeight": 700,
              "textAlign": "left",
            }
          }
        >
          Income
        </td>
        <td
          className="right aligned"
        >
          $
          0
           / year
        </td>
        <td
          className="right aligned"
        >
          $
          0
           / year
        </td>
        <td
          className="right aligned"
        >
          
           $
          0
           / year
        </td>
      </tr>
      <tr
        className=""
        style={
          Object {
            "border": "none",
          }
        }
      >
        <td
          className="three wide"
          style={
            Object {
              "borderTop": "2px solid rgba(0, 181, 173, 1)",
              "fontSize": "1.2em",
              "fontWeight": 700,
              "padingTop": "0.25em",
              "textAlign": "left",
            }
          }
        >
          Net Total
        </td>
        <td
          className="right aligned three wide"
          style={
            Object {
              "borderTop": "2px solid rgba(0, 181, 173, 1)",
              "fontSize": "1.1em",
              "fontWeight": 700,
              "padingTop": "0.25em",
            }
          }
        >
          $
          2304
           / year
        </td>
        <td
          className="right aligned three wide"
          style={
            Object {
              "borderTop": "2px solid rgba(0, 181, 173, 1)",
              "fontSize": "1.1em",
              "fontWeight": 700,
              "padingTop": "0.25em",
            }
          }
        >
          $
          2304
           / year
        </td>
        <td
          className="right aligned three wide"
          style={
            Object {
              "borderTop": "2px solid rgba(0, 181, 173, 1)",
              "fontSize": "1.1em",
              "fontWeight": 700,
              "padingTop": "0.25em",
            }
          }
        >
          
           $
          0
           / year
        </td>
      </tr>
    </tbody>
  </table>
</wrapper>
`;
