// Jest Snapshot v1, https://goo.gl/fbAQLP

exports[`Household step component renders as snapshot correctly 1`] = `
<Form
  as="form"
  className="current-household-size-form flex-column flex-item"
>
  <FormPartsContainer
    clarifier={
      <span
        className="snippet"
        lang="en"
      >
        Information about the members of your household.
      </span>
    }
    navData={
      Object {
        "left": Object {
          "onClick": [Function],
          "text": "Previous",
        },
        "middle": null,
        "right": Object {
          "onClick": [Function],
          "text": "Next",
        },
      }
    }
    title={
      <span
        className="snippet"
        lang="en"
      >
        Household
      </span>
    }
  >
    <HouseholdContent
      current={
        Object {
          "SSDI": 0,
          "SSI": 0,
          "TAFDC": 0,
          "adultDirectCare": 0,
          "adultOtherCare": 0,
          "adultTransportation": 0,
          "alimony": 0,
          "childBeforeAndAfterSchoolCare": 0,
          "childDirectCare": 0,
          "childOtherCare": 0,
          "childSupportIn": 0,
          "childSupportPaidOut": 0,
          "childTransportation": 0,
          "climateControl": false,
          "contractRent": 0,
          "disabledAssistance": 0,
          "disabledMedical": 0,
          "earned": 0,
          "earnedBecauseOfAdultCare": 0,
          "earnedBecauseOfChildCare": 0,
          "fuelAssistance": false,
          "hasSection8": false,
          "hasSnap": false,
          "household": Array [
            Object {
              "m_age": 30,
              "m_disabled": false,
              "m_role": "head",
            },
          ],
          "housing": "homeless",
          "housingInsurance": 0,
          "mortgage": 0,
          "nonHeatElectricity": false,
          "otherExpensesCable": 0,
          "otherExpensesCareProducts": 0,
          "otherExpensesClothes": 0,
          "otherExpensesEntertainment": 0,
          "otherExpensesFood": 0,
          "otherExpensesMedical": 0,
          "otherExpensesOther": 0,
          "otherExpensesPhone": 0,
          "otherExpensesTransport": 0,
          "otherExpensesUtilities": 0,
          "otherIncome": 0,
          "otherMedical": 0,
          "pension": 0,
          "phone": false,
          "propertyTax": 0,
          "rent": 0,
          "rentShare": 0,
          "socialSecurity": 0,
          "unemployment": 0,
          "wantsToSeeOtherExpenses": false,
          "workersComp": 0,
        }
      }
      snippets={
        Object {
          "i_addMember": <span
            className="snippet"
            lang="en"
        >
            Add a member
        </span>,
          "i_age": <span
            className="snippet"
            lang="en"
        >
            Age
        </span>,
          "i_childOther": <span
            className="snippet"
            lang="en"
        >
            Child/Other Household Member
        </span>,
          "i_clarifier": <span
            className="snippet"
            lang="en"
        >
            Information about the members of your household.
        </span>,
          "i_disabled": <span
            className="snippet"
            lang="en"
        >
            Disabled
        </span>,
          "i_headOfHousehold": <span
            className="snippet"
            lang="en"
        >
            Head of Household
        </span>,
          "i_next": <span
            className="snippet"
            lang="en"
        >
            Next
        </span>,
          "i_previous": <span
            className="snippet"
            lang="en"
        >
            Previous
        </span>,
          "i_role": <span
            className="snippet"
            lang="en"
        >
            Role
        </span>,
          "i_spouse": <span
            className="snippet"
            lang="en"
        >
            Spouse of Head of Household
        </span>,
          "i_title": <span
            className="snippet"
            lang="en"
        >
            Household
        </span>,
          "langCode": "en",
        }
      }
      time="current"
      updateClientValue={[Function]}
    />
  </FormPartsContainer>
</Form>
`;
