// Jest Snapshot v1, https://goo.gl/fbAQLP

exports[`CashFlowInputsRow should match snapshot 1`] = `
<CashFlowRow
  label="label"
  message={null}
  name="name"
  validRow={true}
>
  <ManagedNumberField
    className="cashflow-column"
    displayValidator={[Function]}
    format={[Function]}
    name="name"
    onBlur={[Function]}
    otherData={
      Object {
        "interval": "weekly",
      }
    }
    store={[Function]}
    storeValidator={[Function]}
    value={0}
  />
  <ManagedNumberField
    className="cashflow-column"
    displayValidator={[Function]}
    format={[Function]}
    name="name"
    onBlur={[Function]}
    otherData={
      Object {
        "interval": "monthly",
      }
    }
    store={[Function]}
    storeValidator={[Function]}
    value={0}
  />
  <ManagedNumberField
    className="cashflow-column"
    displayValidator={[Function]}
    format={[Function]}
    name="name"
    onBlur={[Function]}
    otherData={
      Object {
        "interval": "yearly",
      }
    }
    store={[Function]}
    storeValidator={[Function]}
    value={0}
  />
</CashFlowRow>
`;
