// Jest Snapshot v1, https://goo.gl/fbAQLP

exports[`A feedback prompt should match the snapshot 1`] = `
<Modal
  closeOnDimmerClick={true}
  closeOnDocumentClick={false}
  dimmer={true}
  eventPool="Modal"
>
  <ModalHeader>
    Test prompt data
  </ModalHeader>
  <ModalContent>
    <p>
       
       
    </p>
  </ModalContent>
  <ModalActions>
    <Button
      as="button"
      onClick={[Function]}
    >
      Reset
    </Button>
    <Button
      as="button"
      onClick={[Function]}
    >
      Stay
    </Button>
    <Button
      as="button"
      onClick={[Function]}
      primary={true}
    >
      Submit Feedback
    </Button>
  </ModalActions>
</Modal>
`;
