// Jest Snapshot v1, https://goo.gl/fbAQLP

exports[`ManagedNumberField should match snapshot 1`] = `
<FormInput
  as={[Function]}
  className="undefined output-number"
  control={[Function]}
  error={false}
  onBlur={[Function]}
  onChange={[Function]}
  onFocus={[Function]}
/>
`;
