// Jest Snapshot v1, https://goo.gl/fbAQLP

exports[`<StepBar> matches snapshot 1`] = `
<StepBar
  currentStepIndex={1}
  goToStep={[Function]}
  snippets={null}
  steps={
    Array [
      Object {
        "key": "firstStep",
      },
      Object {
        "key": "secondStep",
      },
      Object {
        "key": "thirdStep",
      },
    ]
  }
>
  <StepGroup
    className="six"
    items={
      Array [
        Object {
          "active": true,
          "key": 0,
          "onClick": [Function],
          "title": Object {
            "content": "Some translated text.",
          },
        },
        Object {
          "active": false,
          "key": 1,
          "onClick": [Function],
          "title": Object {
            "content": "Some translated text.",
          },
        },
        Object {
          "active": false,
          "key": 2,
          "onClick": [Function],
          "title": Object {
            "content": "Some translated text.",
          },
        },
      ]
    }
    ordered={true}
    size="mini"
  >
    <div
      className="ui mini ordered steps six"
    >
      <Step
        active={true}
        key="0"
        onClick={[Function]}
        title={
          Object {
            "content": "Some translated text.",
          }
        }
      >
        <a
          className="active step"
          onClick={[Function]}
        >
          <StepContent
            title={
              Object {
                "content": "Some translated text.",
              }
            }
          >
            <div
              className="content"
            >
              <StepTitle
                content="Some translated text."
              >
                <div
                  className="title"
                >
                  Some translated text.
                </div>
              </StepTitle>
            </div>
          </StepContent>
        </a>
      </Step>
      <Step
        active={false}
        key="1"
        onClick={[Function]}
        title={
          Object {
            "content": "Some translated text.",
          }
        }
      >
        <a
          className="step"
          onClick={[Function]}
        >
          <StepContent
            title={
              Object {
                "content": "Some translated text.",
              }
            }
          >
            <div
              className="content"
            >
              <StepTitle
                content="Some translated text."
              >
                <div
                  className="title"
                >
                  Some translated text.
                </div>
              </StepTitle>
            </div>
          </StepContent>
        </a>
      </Step>
      <Step
        active={false}
        key="2"
        onClick={[Function]}
        title={
          Object {
            "content": "Some translated text.",
          }
        }
      >
        <a
          className="step"
          onClick={[Function]}
        >
          <StepContent
            title={
              Object {
                "content": "Some translated text.",
              }
            }
          >
            <div
              className="content"
            >
              <StepTitle
                content="Some translated text."
              >
                <div
                  className="title"
                >
                  Some translated text.
                </div>
              </StepTitle>
            </div>
          </StepContent>
        </a>
      </Step>
    </div>
  </StepGroup>
</StepBar>
`;
